toothbrush                          3.96
  0.99 * 4
2 for 1.5(toothbrush)              -0.96

Total:                              3.00
