apples                             11.94
  1.99 * 6.000
5 for 6.0(apples)                  -3.95

Total:                              7.99
