toothbrush                          2.97
  0.99 * 3
10% off(toothbrush)                -0.30

Total:                              2.67
