toothbrush                          2.97
  0.99 * 3
20.0% off(toothbrush)              -0.59

Total:                              2.38
