apples                              7.96
  1.99 * 4.000
3 for 2(apples)                    -1.99

Total:                              5.97
