apples                              9.95
  1.99 * 5.000
5 for 6.0(apples)                  -3.95

Total:                              6.00
