apples                             19.90
  1.99 * 10.000
5 for 6.0(apples)                  -7.90

Total:                             12.00
