apples                              5.97
  1.99 * 3.000
apples                              5.97
  1.99 * 3.000
5 for 6.0(apples)                  -3.95

Total:                              7.99
